/usr/local/lib/python3.10/dist-packages/matplotlib/projections/__init__.py:63: UserWarning: Unable to import Axes3D. This may be due to multiple versions of Matplotlib being installed (e.g. as a system package and as a pip package). As a result, the 3D projection is not available.
  warnings.warn("Unable to import Axes3D. This may be due to multiple versions of "
6 floor cube(s) to collect; drop zone at (-1.275,+0.425)

=== [1/6] cube #3 at (-0.96,-1.36)  batt 12.09 V ===
   already 0.066 m from the approach pose - turning -7 deg in place
   NOTHING THERE in 8 good look(s) -> false positive

=== [2/6] cube #6 at (-1.32,-1.34)  batt 12.10 V ===
   localisation: scan-to-map median miss 0.109 m -> ok
   already 0.181 m from the approach pose - turning 34 deg in place
   NOTHING THERE in 8 good look(s) -> false positive

=== [3/6] cube #2 at (-0.70,-0.47)  batt 12.07 V ===
   localisation: scan-to-map median miss 0.083 m -> ok
   approach: SUCCEEDED
   confirmed at (-0.784,-0.641) from 3 sighting(s)
   cube is 0.321 m away, 17 deg off the nose
   final stand-off 0.131 m (arm reaches 0.15-0.24 m at grip height)
      |     end-effector at (0.1459, 0.0002, 0.1857)  pitch 1.0472 rad (60.0 deg)
      | === 3. detect cube (best.pt, depth-segmented, multi-frame) ===
      | NO CUBE FOUND
   GRASP FAILED

=== [4/6] cube #5 at (+0.31,-0.22)  batt 12.10 V ===
   localisation: scan-to-map median miss 0.100 m -> ok
   approach: SUCCEEDED
   confirmed at (+0.483,-0.019) from 3 sighting(s)
   cube is 0.791 m away, 4 deg off the nose
   refined at 0.420 m: cube now (+0.473,-0.026), moved 0.012 m
   final stand-off 0.132 m (arm reaches 0.15-0.24 m at grip height)
