/usr/local/lib/python3.10/dist-packages/matplotlib/projections/__init__.py:63: UserWarning: Unable to import Axes3D. This may be due to multiple versions of Matplotlib being installed (e.g. as a system package and as a pip package). As a result, the 3D projection is not available.
  warnings.warn("Unable to import Axes3D. This may be due to multiple versions of "
6 floor cube(s) to collect; drop zone at (+0.025,-0.425)
       (timed out after 40s: ROS_DOMAIN_ID=30 ros2 param set /global_costmap/global_costm)
   near-range exclusion -> 0.00 m (mission start, jaws empty) [ok]

=== [1/6] cube #4 at (-0.34,-1.78)  batt 12.16 V ===
   localisation: scan-to-map median miss 0.042 m -> ok
   already 0.041 m from the approach pose - turning 130 deg in place
   confirmed at (-0.341,-1.730) from 3 sighting(s)
   near-range exclusion -> 5.00 m (arm moving - trust no depth) [ok]
      | [ 1] cube base (+0.280,-0.014) r=0.280 m  lat -0.014  conf 0.91  j5~93(est)  want r 0.185-0.210 |y|<0.015
      | [ 2] cube base (+0.199,-0.011) r=0.199 m  lat -0.011  conf 0.94  j5~93(est)  want r 0.185-0.210 |y|<0.015 CENTRED
      | > jaw axis 38.8 deg, misaligned -0.1 deg -> jaws must span 39 mm
      | grasp SUCCEEDED
   grasped; raising joint2 120 -> 150 via /arm_joint (gripper untouched)
   near-range exclusion -> 0.35 m (carrying a cube) [ok]
   to drop zone: SUCCEEDED
      |    pitch 1.4500  above=[90, 38, 48, 12, 90] (0.0 mm)  down=[90, 20, 38, 39, 90] (0.0 mm)
      | PLACED and returned to NAV_POSE
   PLACED in the zone
   near-range exclusion -> 0.00 m (cube released) [ok]

=== [2/6] cube #6 at (-0.70,-1.11)  batt 12.17 V ===
   localisation: scan-to-map median miss 0.087 m -> ok
   already 0.212 m from the approach pose - turning 120 deg in place
   confirmed at (-0.758,-0.943) from 3 sighting(s)
   near-range exclusion -> 5.00 m (arm moving - trust no depth) [ok]
      | [12] cube base (+0.538,-0.001) r=0.538 m  lat -0.001  conf 0.77  j5~90(est)  want r 0.185-0.210 |y|<0.015
      | [13] cube base (+0.421,-0.006) r=0.421 m  lat -0.006  conf 0.81  j5~1(est)  want r 0.185-0.210 |y|<0.015
      | [14] cube base (+0.305,-0.005) r=0.305 m  lat -0.005  conf 0.86  j5~1(est)  want r 0.185-0.210 |y|<0.015
      | [15] cube base (+0.201,-0.007) r=0.201 m  lat -0.007  conf 0.92  j5~92(est)  want r 0.185-0.210 |y|<0.015 CENTRED
      | grasp FAILED
   SERVO+GRASP FAILED
   near-range exclusion -> 0.00 m (nothing held) [ok]

=== [3/6] cube #3 at (-0.94,-0.92)  batt 12.16 V ===
   localisation: scan-to-map median miss 0.039 m -> ok
   already 0.065 m from the approach pose - turning -16 deg in place
   NOTHING THERE in 8 good look(s) -> false positive

=== [4/6] cube #2 at (-0.89,+0.14)  batt 12.19 V ===
   localisation: scan-to-map median miss 0.035 m -> ok
   approach: SUCCEEDED
   confirmed at (-1.001,+0.159) from 3 sighting(s)
   near-range exclusion -> 5.00 m (arm moving - trust no depth) [ok]
      | [ 9] cube base (+0.185,-0.011) r=0.186 m  lat -0.011  conf 0.90  j5~93(est)  want r 0.185-0.210 |y|<0.015 CENTRED
      | | jaw axis 55.3 deg, misaligned -0.3 deg -> jaws must span 31 mm
      | | cube still at the same place (14 mm away) -> GRASP FAILED
      | > jaw axis 55.3 deg, misaligned -0.3 deg -> jaws must span 31 mm
      | grasp FAILED
   SERVO+GRASP FAILED
   near-range exclusion -> 0.00 m (nothing held) [ok]

=== [5/6] cube #1 at (+0.80,+0.32)  batt 12.20 V ===
   localisation: scan-to-map median miss 0.052 m -> ok
   approach: SUCCEEDED
   confirmed at (+0.660,+0.404) from 3 sighting(s)
   near-range exclusion -> 5.00 m (arm moving - trust no depth) [ok]
      | [ 9] cube base (+0.207,+0.015) r=0.207 m  lat +0.015  conf 0.87  j5~86(est)  want r 0.185-0.210 |y|<0.015 CENTRED
      | | jaw axis 36.3 deg, misaligned 0.2 deg -> jaws must span 30 mm
      | | cube still at the same place (9 mm away) -> GRASP FAILED
      | > jaw axis 36.3 deg, misaligned 0.2 deg -> jaws must span 30 mm
      | grasp FAILED
   SERVO+GRASP FAILED
   near-range exclusion -> 0.00 m (nothing held) [ok]

=== [6/6] cube #5 at (-0.32,+1.08)  batt 12.11 V ===
   localisation: scan-to-map median miss 0.062 m -> ok
   approach: SUCCEEDED
   confirmed at (-0.228,+1.185) from 3 sighting(s)
   near-range exclusion -> 5.00 m (arm moving - trust no depth) [ok]
      | [27] cube base (+0.332,+0.016) r=0.333 m  lat +0.016  conf 0.80  j5~87(est)  want r 0.185-0.210 |y|<0.015
      | [28] cube base (+0.335,+0.013) r=0.335 m  lat +0.013  conf 0.80  j5~88(est)  want r 0.185-0.210 |y|<0.015
      | [29] cube base (+0.222,+0.020) r=0.223 m  lat +0.020  conf 0.90  j5~85(est)  want r 0.185-0.210 |y|<0.015
      | [30] cube base (+0.225,+0.015) r=0.225 m  lat +0.015  conf 0.76  j5~86(est)  want r 0.185-0.210 |y|<0.015
      | could not bring the cube into the zone; stopping best.pt anyway
   SERVO+GRASP FAILED
   near-range exclusion -> 0.00 m (nothing held) [ok]

=== collected 1, false positives 1, failed 4 ===
   #1  (+0.66,+0.40)  failed
   #2  (-1.00,+0.16)  failed
   #3  (-0.94,-0.92)  false
   #4  (-0.34,-1.73)  picked
   #5  (-0.23,+1.19)  failed
   #6  (-0.76,-0.94)  failed
   near-range exclusion -> 0.00 m (mission over) [ok]
