/usr/local/lib/python3.10/dist-packages/matplotlib/projections/__init__.py:63: UserWarning: Unable to import Axes3D. This may be due to multiple versions of Matplotlib being installed (e.g. as a system package and as a pip package). As a result, the 3D projection is not available.
  warnings.warn("Unable to import Axes3D. This may be due to multiple versions of "
waiting for map, camera and TF ...
   map      ok
   colour   ok
   depth    ok
   pose     ok
map 105x137, 5609 free cells, 2160 safe-to-stand, 6 waypoints at 1.15 m spacing

scanning from the starting position first
       step 1/8: 1 detection(s), 1 track(s), 0 confirmed
       step 2/8: 1 detection(s), 2 track(s), 0 confirmed
       step 5/8: 1 detection(s), 3 track(s), 0 confirmed
       step 6/8: 1 detection(s), 4 track(s), 0 confirmed
       step 7/8: 2 detection(s), 5 track(s), 0 confirmed
       step 8/8: 2 detection(s), 6 track(s), 0 confirmed

[2/6] waypoint (+0.18,-0.42)  batt 12.15 V
       path ok (58 poses, 0% inscribed)
       SUCCEEDED
       step 1/8: 3 detection(s), 8 track(s), 1 confirmed
       step 2/8: 1 detection(s), 8 track(s), 1 confirmed
       step 4/8: 2 detection(s), 9 track(s), 2 confirmed
       step 5/8: 3 detection(s), 10 track(s), 2 confirmed
       step 6/8: 1 detection(s), 10 track(s), 3 confirmed

[3/6] waypoint (-0.97,-0.42)  batt 12.15 V
       path ok (48 poses, 0% inscribed)
       SUCCEEDED
       step 1/8: 2 detection(s), 10 track(s), 3 confirmed
       step 2/8: 2 detection(s), 11 track(s), 3 confirmed
       step 3/8: 2 detection(s), 10 track(s), 3 confirmed
       step 5/8: 1 detection(s), 10 track(s), 3 confirmed
       step 6/8: 1 detection(s), 10 track(s), 4 confirmed
       step 7/8: 3 detection(s), 12 track(s), 5 confirmed
       step 8/8: 1 detection(s), 13 track(s), 5 confirmed

[4/6] waypoint (-0.97,+0.73)  batt 12.15 V
       path ok (46 poses, 0% inscribed)
       SUCCEEDED
       step 2/8: 1 detection(s), 14 track(s), 5 confirmed
       step 4/8: 1 detection(s), 12 track(s), 6 confirmed
       step 5/8: 2 detection(s), 14 track(s), 6 confirmed
       step 6/8: 2 detection(s), 14 track(s), 6 confirmed
       step 7/8: 2 detection(s), 14 track(s), 6 confirmed
       step 8/8: 1 detection(s), 14 track(s), 6 confirmed

[5/6] waypoint (+0.18,+0.73)  batt 12.12 V
       path ok (54 poses, 0% inscribed)
       SUCCEEDED
       step 3/8: 1 detection(s), 14 track(s), 6 confirmed
       step 8/8: 2 detection(s), 12 track(s), 6 confirmed

[6/6] waypoint (-0.97,-1.57)  batt 12.14 V
       path ok (101 poses, 0% inscribed)
       SUCCEEDED
       step 1/8: 1 detection(s), 9 track(s), 6 confirmed
       step 3/8: 1 detection(s), 10 track(s), 6 confirmed
       step 4/8: 1 detection(s), 9 track(s), 6 confirmed
       step 6/8: 1 detection(s), 8 track(s), 6 confirmed
       step 7/8: 2 detection(s), 9 track(s), 6 confirmed

=== mission over: 5 waypoints reached, 0 abandoned, 260 s ===
=== 6 confirmed cube(s), 3 tentative ===
   cube 4: map (+0.26, -0.08) height 0.020 m, 4 sighting(s), conf 0.99
   cube 5: map (-0.70, -0.47) height 0.020 m, 6 sighting(s), conf 0.80
   cube 6: map (-0.96, -1.36) height 0.020 m, 4 sighting(s), conf 0.89
   cube 7: map (+0.12, +0.89) height 0.020 m, 6 sighting(s), conf 0.97
   cube 8: map (+0.31, -0.22) height 0.020 m, 6 sighting(s), conf 0.97
   cube 12: map (-1.32, -1.34) height 0.020 m, 3 sighting(s), conf 0.91
   (tentative) #20 (-1.37,-1.75) 1 sighting(s) from 1 viewpoint(s)
   (tentative) #21 (-0.38,-2.24) 2 sighting(s) from 1 viewpoint(s)
   (tentative) #22 (-0.98,-0.61) 1 sighting(s) from 1 viewpoint(s)
